Copyright 1986-2020 Xilinx, Inc. All Rights Reserved.
--------------------------------------------------------------------------------------------------------------------------------------------------------------------------
| Tool Version : Vivado v.2020.2 (lin64) Build 3064766 Wed Nov 18 09:12:47 MST 2020
| Date         : Sun Feb 23 22:01:51 2025
| Host         : admin1 running 64-bit Ubuntu 20.04.6 LTS
| Command      : report_methodology -file xor_xnor_top_methodology_drc_routed.rpt -pb xor_xnor_top_methodology_drc_routed.pb -rpx xor_xnor_top_methodology_drc_routed.rpx
| Design       : xor_xnor_top
| Device       : xc7s15ftgb196-2
| Speed File   : -2
| Design State : Fully Routed
--------------------------------------------------------------------------------------------------------------------------------------------------------------------------

Report Methodology

Table of Contents
-----------------
1. REPORT SUMMARY
2. REPORT DETAILS

1. REPORT SUMMARY
-----------------
            Netlist: netlist
          Floorplan: design_1
      Design limits: <entire design considered>
             Max violations: <unlimited>
             Violations found: 0
+------+----------+-------------+------------+
| Rule | Severity | Description | Violations |
+------+----------+-------------+------------+
+------+----------+-------------+------------+

2. REPORT DETAILS
-----------------

